Compila├º├úo de 11/07/2024 11:09:36 iniciada.
     1>Projeto "C:\Users\julio.stanik\Documents\dev\Task-Manager\Task-Manager.sln" no n├│ 1 (VSTest destino(s)).
     1>ValidateSolutionConfiguration:
         Compilando a configura├º├úo de solu├º├úo "Debug|Any CPU".
Execu├º├úo de teste para C:\Users\julio.stanik\Documents\dev\Task-Manager\Domain.Test\bin\Debug\net8.0\Domain.Test.dll (.NETCoreApp,Version=v8.0)
Ferramenta de Linha de Comando de Execu├º├úo de Teste da Microsoft (R) Vers├úo 17.10.0 (x64)
Copyright (c) Microsoft Corporation. Todos os direitos reservados.

Iniciando execu├º├úo de teste, espere...
1 arquivos de teste no total corresponderam ao padr├úo especificado.
[xUnit.net 00:00:00.00] xUnit.net VSTest Adapter v2.5.3.1+6b60a9e56a (64-bit .NET 8.0.7)
[xUnit.net 00:00:00.06]   Discovering: Domain.Test
[xUnit.net 00:00:00.08]   Discovered:  Domain.Test
[xUnit.net 00:00:00.09]   Starting:    Domain.Test
[xUnit.net 00:00:00.13]   Finished:    Domain.Test
  Aprovado Domain.Test.UnitTest1.Test1 [1 ms]
  Aprovado Domain.Test.Validation.DomainExceptionValidationTest1.When_method_does_not_throw_exception_if_hasError_is_false [1 ms]
  Aprovado Domain.Test.Validation.DomainExceptionValidationTest1.HasErrorTrueWithEmptyErrorString [< 1 ms]
  Aprovado Domain.Test.Validation.DomainExceptionValidationTest1.when_method_handles_null_as_error_message [< 1 ms]
  Aprovado Domain.Test.Validation.DomainExceptionValidationTest1.When_method_throws_exception_if_hasError_is_true [< 1 ms]

Execu├º├úo de Teste Bem-sucedida.
Total de testes: 5
     Aprovados: 5
Tempo total: 0,5173 Segundos
     1>Projeto de compila├º├úo pronto "C:\Users\julio.stanik\Documents\dev\Task-Manager\Task-Manager.sln" (VSTest destino(s)).

Compila├º├úo com ├¬xito.
    0 Aviso(s)
    0 Erro(s)

Tempo Decorrido 00:00:01.42
